package 'helloworld' will be pushed
pushed [registry] docker.io/kcllang/helloworld