package 'helloworld' will be pushed
pushed [registry] ghcr.io/kcl-lang/helloworld